The data couldnâ€™t be read because it is missing.